{
  "id": 1,
  "address": "http://www.google.es"
}